// Jest Snapshot v1, https://goo.gl/fbAQLP

exports[`AnswerBox styled-components 1`] = `[Function]`;
