// Jest Snapshot v1, https://goo.gl/fbAQLP

exports[`Question styled-components 1`] = `[Function]`;
